[    0.000000] Linux version 4.15.0-124-generic (buildd@lgw01-amd64-029) (gcc version 7.5.0 (Ubuntu 7.5.0-3ubuntu1~18.04)) #127-Ubuntu SMP Fri Nov 6 10:54:43 UTC 2020 (Ubuntu 4.15.0-124.127-generic 4.15.18)
[    0.000000] Command line: BOOT_IMAGE=/boot/vmlinuz-4.15.0-124-generic root=LABEL=cloudimg-rootfs ro console=tty1 console=ttyS0
[    0.000000] KERNEL supported cpus:
[    0.000000]   Intel GenuineIntel
[    0.000000]   AMD AuthenticAMD
[    0.000000]   Centaur CentaurHauls
[    0.000000] x86/fpu: Supporting XSAVE feature 0x001: 'x87 floating point registers'
[    0.000000] x86/fpu: Supporting XSAVE feature 0x002: 'SSE registers'
[    0.000000] x86/fpu: Supporting XSAVE feature 0x004: 'AVX registers'
[    0.000000] x86/fpu: xstate_offset[2]:  576, xstate_sizes[2]:  256
[    0.000000] x86/fpu: Enabled xstate features 0x7, context size is 832 bytes, using 'standard' format.
[    0.000000] e820: BIOS-provided physical RAM map:
[    0.000000] BIOS-e820: [mem 0x0000000000000000-0x000000000009fbff] usable
[    0.000000] BIOS-e820: [mem 0x000000000009fc00-0x000000000009ffff] reserved
[    0.000000] BIOS-e820: [mem 0x00000000000f0000-0x00000000000fffff] reserved
[    0.000000] BIOS-e820: [mem 0x0000000000100000-0x000000003ffeffff] usable
[    0.000000] BIOS-e820: [mem 0x000000003fff0000-0x000000003fffffff] ACPI data
[    0.000000] BIOS-e820: [mem 0x00000000fec00000-0x00000000fec00fff] reserved
[    0.000000] BIOS-e820: [mem 0x00000000fee00000-0x00000000fee00fff] reserved
[    0.000000] BIOS-e820: [mem 0x00000000fffc0000-0x00000000ffffffff] reserved
[    0.000000] NX (Execute Disable) protection: active
[    0.000000] SMBIOS 2.5 present.
[    0.000000] DMI: innotek GmbH VirtualBox/VirtualBox, BIOS VirtualBox 12/01/2006
[    0.000000] Hypervisor detected: KVM
[    0.000000] e820: last_pfn = 0x3fff0 max_arch_pfn = 0x400000000
[    0.000000] MTRR: Disabled
[    0.000000] x86/PAT: MTRRs disabled, skipping PAT initialization too.
[    0.000000] CPU MTRRs all blank - virtualized system.
[    0.000000] x86/PAT: Configuration [0-7]: WB  WT  UC- UC  WB  WT  UC- UC  
[    0.000000] found SMP MP-table at [mem 0x0009fff0-0x0009ffff]
[    0.000000] Scanning 1 areas for low memory corruption
[    0.000000] RAMDISK: [mem 0x35a67000-0x36d2afff]
[    0.000000] ACPI: Early table checksum verification disabled
[    0.000000] ACPI: RSDP 0x00000000000E0000 000024 (v02 VBOX  )
[    0.000000] ACPI: XSDT 0x000000003FFF0030 00003C (v01 VBOX   VBOXXSDT 00000001 ASL  00000061)
[    0.000000] ACPI: FACP 0x000000003FFF00F0 0000F4 (v04 VBOX   VBOXFACP 00000001 ASL  00000061)
[    0.000000] ACPI: DSDT 0x000000003FFF0470 002325 (v02 VBOX   VBOXBIOS 00000002 INTL 20100528)
[    0.000000] ACPI: FACS 0x000000003FFF0200 000040
[    0.000000] ACPI: FACS 0x000000003FFF0200 000040
[    0.000000] ACPI: APIC 0x000000003FFF0240 00005C (v02 VBOX   VBOXAPIC 00000001 ASL  00000061)
[    0.000000] ACPI: SSDT 0x000000003FFF02A0 0001CC (v01 VBOX   VBOXCPUT 00000002 INTL 20100528)
[    0.000000] No NUMA configuration found
[    0.000000] Faking a node at [mem 0x0000000000000000-0x000000003ffeffff]
[    0.000000] NODE_DATA(0) allocated [mem 0x3ffc5000-0x3ffeffff]
[    0.000000] kvm-clock: cpu 0, msr 0:3ff44001, primary cpu clock
[    0.000000] kvm-clock: Using msrs 4b564d01 and 4b564d00
[    0.000000] kvm-clock: using sched offset of 3665718936 cycles
[    0.000000] clocksource: kvm-clock: mask: 0xffffffffffffffff max_cycles: 0x1cd42e4dffb, max_idle_ns: 881590591483 ns
[    0.000000] Zone ranges:
[    0.000000]   DMA      [mem 0x0000000000001000-0x0000000000ffffff]
[    0.000000]   DMA32    [mem 0x0000000001000000-0x000000003ffeffff]
[    0.000000]   Normal   empty
[    0.000000]   Device   empty
[    0.000000] Movable zone start for each node
[    0.000000] Early memory node ranges
[    0.000000]   node   0: [mem 0x0000000000001000-0x000000000009efff]
[    0.000000]   node   0: [mem 0x0000000000100000-0x000000003ffeffff]
[    0.000000] Reserved but unavailable: 98 pages
[    0.000000] Initmem setup node 0 [mem 0x0000000000001000-0x000000003ffeffff]
[    0.000000] ACPI: PM-Timer IO Port: 0x4008
[    0.000000] IOAPIC[0]: apic_id 2, version 32, address 0xfec00000, GSI 0-23
[    0.000000] ACPI: INT_SRC_OVR (bus 0 bus_irq 0 global_irq 2 dfl dfl)
[    0.000000] ACPI: INT_SRC_OVR (bus 0 bus_irq 9 global_irq 9 low level)
[    0.000000] Using ACPI (MADT) for SMP configuration information
[    0.000000] smpboot: Allowing 2 CPUs, 0 hotplug CPUs
[    0.000000] PM: Registered nosave memory: [mem 0x00000000-0x00000fff]
[    0.000000] PM: Registered nosave memory: [mem 0x0009f000-0x0009ffff]
[    0.000000] PM: Registered nosave memory: [mem 0x000a0000-0x000effff]
[    0.000000] PM: Registered nosave memory: [mem 0x000f0000-0x000fffff]
[    0.000000] e820: [mem 0x40000000-0xfebfffff] available for PCI devices
[    0.000000] Booting paravirtualized kernel on KVM
[    0.000000] clocksource: refined-jiffies: mask: 0xffffffff max_cycles: 0xffffffff, max_idle_ns: 7645519600211568 ns
[    0.000000] random: get_random_bytes called from start_kernel+0x99/0x500 with crng_init=0
[    0.000000] setup_percpu: NR_CPUS:8192 nr_cpumask_bits:2 nr_cpu_ids:2 nr_node_ids:1
[    0.000000] percpu: Embedded 45 pages/cpu s147456 r8192 d28672 u1048576
[    0.000000] PV qspinlock hash table entries: 256 (order: 0, 4096 bytes)
[    0.000000] Built 1 zonelists, mobility grouping on.  Total pages: 257913
[    0.000000] Policy zone: DMA32
[    0.000000] Kernel command line: BOOT_IMAGE=/boot/vmlinuz-4.15.0-124-generic root=LABEL=cloudimg-rootfs ro console=tty1 console=ttyS0
[    0.000000] Memory: 983032K/1048120K available (12300K kernel code, 2482K rwdata, 4272K rodata, 2436K init, 2724K bss, 65088K reserved, 0K cma-reserved)
[    0.000000] SLUB: HWalign=64, Order=0-3, MinObjects=0, CPUs=2, Nodes=1
[    0.000000] Kernel/User page tables isolation: enabled
[    0.000000] ftrace: allocating 39402 entries in 154 pages
[    0.004000] Hierarchical RCU implementation.
[    0.004000] 	RCU restricting CPUs from NR_CPUS=8192 to nr_cpu_ids=2.
[    0.004000] 	Tasks RCU enabled.
[    0.004000] RCU: Adjusting geometry for rcu_fanout_leaf=16, nr_cpu_ids=2
[    0.004000] NR_IRQS: 524544, nr_irqs: 440, preallocated irqs: 16
[    0.004000] Console: colour VGA+ 80x25
[    0.004000] console [tty1] enabled
[    0.004000] console [ttyS0] enabled
[    0.004000] ACPI: Core revision 20170831
[    0.004000] ACPI: 2 ACPI AML tables successfully acquired and loaded
[    0.004000] APIC: Switch to symmetric I/O mode setup
[    0.004000] x2apic enabled
[    0.004000] Switched APIC routing to physical x2apic.
[    0.004000] ..TIMER: vector=0x30 apic1=0 pin1=2 apic2=-1 pin2=-1
[    0.004004] tsc: Detected 1800.001 MHz processor
[    0.004748] Calibrating delay loop (skipped) preset value.. 3600.00 BogoMIPS (lpj=7200004)
[    0.005300] pid_max: default: 32768 minimum: 301
[    0.006272] Security Framework initialized
[    0.008005] Yama: becoming mindful.
[    0.008623] AppArmor: AppArmor initialized
[    0.012000] Dentry cache hash table entries: 131072 (order: 8, 1048576 bytes)
[    0.012055] Inode-cache hash table entries: 65536 (order: 7, 524288 bytes)
[    0.013184] Mount-cache hash table entries: 2048 (order: 2, 16384 bytes)
[    0.016004] Mountpoint-cache hash table entries: 2048 (order: 2, 16384 bytes)
[    0.017331] Last level iTLB entries: 4KB 64, 2MB 8, 4MB 8
[    0.018187] Last level dTLB entries: 4KB 64, 2MB 0, 4MB 0, 1GB 4
[    0.019174] Spectre V1 : Mitigation: usercopy/swapgs barriers and __user pointer sanitization
[    0.020002] Spectre V2 : Mitigation: Full generic retpoline
[    0.020878] Spectre V2 : Spectre v2 / SpectreRSB mitigation: Filling RSB on context switch
[    0.022238] Speculative Store Bypass: Vulnerable
[    0.023125] SRBDS: Unknown: Dependent on hypervisor status
[    0.024002] MDS: Mitigation: Clear CPU buffers
[    0.024871] Freeing SMP alternatives memory: 36K
[    0.136067] smpboot: CPU0: Intel(R) Core(TM) i5-8250U CPU @ 1.60GHz (family: 0x6, model: 0x8e, stepping: 0xa)
[    0.137746] Performance Events: unsupported p6 CPU model 142 no PMU driver, software events only.
[    0.139181] Hierarchical SRCU implementation.
[    0.140367] NMI watchdog: Perf event create on CPU 0 failed with -2
[    0.141420] NMI watchdog: Perf NMI watchdog permanently disabled
[    0.142509] smp: Bringing up secondary CPUs ...
[    0.143352] x86: Booting SMP configuration:
[    0.144000] .... node  #0, CPUs:      #1
[    0.004000] kvm-clock: cpu 1, msr 0:3ff44041, secondary cpu clock
[    0.147479] smp: Brought up 1 node, 2 CPUs
[    0.148004] smpboot: Max logical packages: 1
[    0.148705] smpboot: Total of 2 processors activated (7200.00 BogoMIPS)
[    0.149831] devtmpfs: initialized
[    0.149831] x86/mm: Memory block size: 128MB
[    0.149831] evm: security.selinux
[    0.152003] evm: security.SMACK64
[    0.152572] evm: security.SMACK64EXEC
[    0.153191] evm: security.SMACK64TRANSMUTE
[    0.153876] evm: security.SMACK64MMAP
[    0.154499] evm: security.apparmor
[    0.155086] evm: security.ima
[    0.156002] evm: security.capability
[    0.156686] clocksource: jiffies: mask: 0xffffffff max_cycles: 0xffffffff, max_idle_ns: 7645041785100000 ns
[    0.157547] futex hash table entries: 512 (order: 3, 32768 bytes)
[    0.160017] pinctrl core: initialized pinctrl subsystem
[    0.160948] RTC time: 23:37:11, date: 11/24/20
[    0.164166] NET: Registered protocol family 16
[    0.164944] audit: initializing netlink subsys (disabled)
[    0.165874] audit: type=2000 audit(1606261036.612:1): state=initialized audit_enabled=0 res=1
[    0.165874] cpuidle: using governor ladder
[    0.168011] cpuidle: using governor menu
[    0.168698] ACPI: bus type PCI registered
[    0.169365] acpiphp: ACPI Hot Plug PCI Controller Driver version: 0.5
[    0.170439] PCI: Using configuration type 1 for base access
[    0.172820] HugeTLB registered 2.00 MiB page size, pre-allocated 0 pages
[    0.173084] ACPI: Added _OSI(Module Device)
[    0.173084] ACPI: Added _OSI(Processor Device)
[    0.176007] ACPI: Added _OSI(3.0 _SCP Extensions)
[    0.176768] ACPI: Added _OSI(Processor Aggregator Device)
[    0.177633] ACPI: Added _OSI(Linux-Dell-Video)
[    0.178347] ACPI: Added _OSI(Linux-Lenovo-NV-HDMI-Audio)
[    0.179180] ACPI: Added _OSI(Linux-HPI-Hybrid-Graphics)
[    0.180256] ACPI: Executed 1 blocks of module-level executable AML code
[    0.184212] ACPI: Interpreter enabled
[    0.184855] ACPI: (supports S0 S5)
[    0.185481] ACPI: Using IOAPIC for interrupt routing
[    0.186462] PCI: Using host bridge windows from ACPI; if necessary, use "pci=nocrs" and report a bug
[    0.188000] ACPI: Enabled 2 GPEs in block 00 to 07
[    0.193935] ACPI: PCI Root Bridge [PCI0] (domain 0000 [bus 00-ff])
[    0.194958] acpi PNP0A03:00: _OSC: OS supports [ASPM ClockPM Segments MSI]
[    0.196262] acpi PNP0A03:00: _OSC: not requesting OS control; OS requires [ExtendedConfig ASPM ClockPM MSI]
[    0.197755] acpi PNP0A03:00: fail to add MMCONFIG information, can't access extended PCI configuration space under this bridge.
[    0.200343] PCI host bridge to bus 0000:00
[    0.201021] pci_bus 0000:00: root bus resource [io  0x0000-0x0cf7 window]
[    0.202067] pci_bus 0000:00: root bus resource [io  0x0d00-0xffff window]
[    0.203114] pci_bus 0000:00: root bus resource [mem 0x000a0000-0x000bffff window]
[    0.204003] pci_bus 0000:00: root bus resource [mem 0x40000000-0xfdffffff window]
[    0.205176] pci_bus 0000:00: root bus resource [bus 00-ff]
[    0.208434] pci 0000:00:01.1: legacy IDE quirk: reg 0x10: [io  0x01f0-0x01f7]
[    0.209663] pci 0000:00:01.1: legacy IDE quirk: reg 0x14: [io  0x03f6]
[    0.210673] pci 0000:00:01.1: legacy IDE quirk: reg 0x18: [io  0x0170-0x0177]
[    0.212003] pci 0000:00:01.1: legacy IDE quirk: reg 0x1c: [io  0x0376]
[    0.225593] pci 0000:00:07.0: quirk: [io  0x4000-0x403f] claimed by PIIX4 ACPI
[    0.226794] pci 0000:00:07.0: quirk: [io  0x4100-0x410f] claimed by PIIX4 SMB
[    0.236318] ACPI: PCI Interrupt Link [LNKA] (IRQs 5 9 10 *11)
[    0.237530] ACPI: PCI Interrupt Link [LNKB] (IRQs 5 9 *10 11)
[    0.238536] ACPI: PCI Interrupt Link [LNKC] (IRQs 5 *9 10 11)
[    0.240017] ACPI: PCI Interrupt Link [LNKD] (IRQs 5 9 10 *11)
[    0.241298] SCSI subsystem initialized
[    0.241982] pci 0000:00:02.0: vgaarb: setting as boot VGA device
[    0.241982] pci 0000:00:02.0: vgaarb: VGA device added: decodes=io+mem,owns=io+mem,locks=none
[    0.244009] pci 0000:00:02.0: vgaarb: bridge control possible
[    0.244919] vgaarb: loaded
[    0.245433] ACPI: bus type USB registered
[    0.246158] usbcore: registered new interface driver usbfs
[    0.247034] usbcore: registered new interface driver hub
[    0.248024] usbcore: registered new device driver usb
[    0.248891] EDAC MC: Ver: 3.0.0
[    0.248891] PCI: Using ACPI for IRQ routing
[    0.249058] NetLabel: Initializing
[    0.249644] NetLabel:  domain hash size = 128
[    0.252006] NetLabel:  protocols = UNLABELED CIPSOv4 CALIPSO
[    0.252915] NetLabel:  unlabeled traffic allowed by default
[    0.253885] clocksource: Switched to clocksource kvm-clock
[    0.268607] VFS: Disk quotas dquot_6.6.0
[    0.269387] VFS: Dquot-cache hash table entries: 512 (order 0, 4096 bytes)
[    0.270624] AppArmor: AppArmor Filesystem Enabled
[    0.271510] pnp: PnP ACPI init
[    0.273016] pnp: PnP ACPI: found 3 devices
[    0.282619] clocksource: acpi_pm: mask: 0xffffff max_cycles: 0xffffff, max_idle_ns: 2085701024 ns
[    0.284073] NET: Registered protocol family 2
[    0.284961] TCP established hash table entries: 8192 (order: 4, 65536 bytes)
[    0.286102] TCP bind hash table entries: 8192 (order: 5, 131072 bytes)
[    0.288821] TCP: Hash tables configured (established 8192 bind 8192)
[    0.291006] UDP hash table entries: 512 (order: 2, 16384 bytes)
[    0.291960] UDP-Lite hash table entries: 512 (order: 2, 16384 bytes)
[    0.293066] NET: Registered protocol family 1
[    0.293823] pci 0000:00:00.0: Limiting direct PCI/PCI transfers
[    0.294790] pci 0000:00:01.0: Activating ISA DMA hang workarounds
[    0.295804] pci 0000:00:02.0: Video device with shadowed ROM at [mem 0x000c0000-0x000dffff]
[    0.297241] Unpacking initramfs...
[    0.598231] Freeing initrd memory: 19216K
[    0.599066] clocksource: tsc: mask: 0xffffffffffffffff max_cycles: 0x19f22aa45f0, max_idle_ns: 440795269146 ns
[    0.600729] platform rtc_cmos: registered platform RTC device (no PNP device found)
[    0.602120] Scanning for low memory corruption every 60 seconds
[    0.604128] Initialise system trusted keyrings
[    0.605109] Key type blacklist registered
[    0.606037] workingset: timestamp_bits=36 max_order=18 bucket_order=0
[    0.608636] zbud: loaded
[    0.610069] squashfs: version 4.0 (2009/01/31) Phillip Lougher
[    0.611550] fuse init (API version 7.26)
[    0.614876] Key type asymmetric registered
[    0.615617] Asymmetric key parser 'x509' registered
[    0.616745] Block layer SCSI generic (bsg) driver version 0.4 loaded (major 246)
[    0.618198] io scheduler noop registered
[    0.618798] io scheduler deadline registered
[    0.619479] io scheduler cfq registered (default)
[    0.620519] ACPI: AC Adapter [AC] (on-line)
[    0.621469] input: Power Button as /devices/LNXSYSTM:00/LNXPWRBN:00/input/input0
[    0.622952] ACPI: Power Button [PWRF]
[    0.623625] input: Sleep Button as /devices/LNXSYSTM:00/LNXSLPBN:00/input/input1
[    0.624756] ACPI: Sleep Button [SLPF]
[    0.626207] ACPI: Battery Slot [BAT0] (battery present)
[    0.627231] Serial: 8250/16550 driver, 32 ports, IRQ sharing enabled
[    0.648905] 00:02: ttyS0 at I/O 0x3f8 (irq = 4, base_baud = 115200) is a 16550A
[    0.653495] Linux agpgart interface v0.103
[    0.655499] loop: module loaded
[    0.656479] scsi host0: ata_piix
[    0.657084] scsi host1: ata_piix
[    0.657608] ata1: PATA max UDMA/33 cmd 0x1f0 ctl 0x3f6 bmdma 0xd000 irq 14
[    0.658559] ata2: PATA max UDMA/33 cmd 0x170 ctl 0x376 bmdma 0xd008 irq 15
[    0.659616] libphy: Fixed MDIO Bus: probed
[    0.660253] tun: Universal TUN/TAP device driver, 1.6
[    0.661123] PPP generic driver version 2.4.2
[    0.661934] ehci_hcd: USB 2.0 'Enhanced' Host Controller (EHCI) Driver
[    0.662864] ehci-pci: EHCI PCI platform driver
[    0.663543] ehci-platform: EHCI generic platform driver
[    0.664355] ohci_hcd: USB 1.1 'Open' Host Controller (OHCI) Driver
[    0.665226] ohci-pci: OHCI PCI platform driver
[    0.665882] ohci-platform: OHCI generic platform driver
[    0.666635] uhci_hcd: USB Universal Host Controller Interface driver
[    0.667576] i8042: PNP: PS/2 Controller [PNP0303:PS2K,PNP0f03:PS2M] at 0x60,0x64 irq 1,12
[    0.669226] serio: i8042 KBD port at 0x60,0x64 irq 1
[    0.669971] serio: i8042 AUX port at 0x60,0x64 irq 12
[    0.670986] mousedev: PS/2 mouse device common for all mice
[    0.673010] input: AT Translated Set 2 keyboard as /devices/platform/i8042/serio0/input/input2
[    0.674696] rtc_cmos rtc_cmos: rtc core: registered rtc_cmos as rtc0
[    0.675684] rtc_cmos rtc_cmos: alarms up to one day, 114 bytes nvram
[    0.676663] i2c /dev entries driver
[    0.677304] device-mapper: uevent: version 1.0.3
[    0.678190] device-mapper: ioctl: 4.37.0-ioctl (2017-09-20) initialised: dm-devel@redhat.com
[    0.680708] ledtrig-cpu: registered to indicate activity on CPUs
[    0.682226] NET: Registered protocol family 10
[    0.687174] Segment Routing with IPv6
[    0.687838] NET: Registered protocol family 17
[    0.688839] Key type dns_resolver registered
[    0.690000] mce: Using 0 MCE banks
[    0.690640] RAS: Correctable Errors collector initialized.
[    0.691532] sched_clock: Marking stable (689975675, 0)->(823519362, -133543687)
[    0.693287] registered taskstats version 1
[    0.694095] Loading compiled-in X.509 certificates
[    0.697237] Loaded X.509 cert 'Build time autogenerated kernel key: be62403dcace2d46f96dafa9f42421c610ef3c2a'
[    0.698727] zswap: loaded using pool lzo/zbud
[    0.703222] Key type big_key registered
[    0.703909] Key type trusted registered
[    0.706773] Key type encrypted registered
[    0.707449] AppArmor: AppArmor sha1 policy hashing enabled
[    0.708401] ima: No TPM chip found, activating TPM-bypass! (rc=-19)
[    0.709348] ima: Allocated hash algorithm: sha1
[    0.710091] evm: HMAC attrs: 0x1
[    0.710871]   Magic number: 12:856:656
[    0.711621] rtc_cmos rtc_cmos: setting system clock to 2020-11-24 23:37:12 UTC (1606261032)
[    0.713110] BIOS EDD facility v0.16 2004-Jun-25, 0 devices found
[    0.714052] EDD information not available.
[    0.842848] Freeing unused kernel image memory: 2436K
[    1.132549] Write protecting the kernel read-only data: 20480k
[    1.134124] Freeing unused kernel image memory: 2008K
[    1.135653] Freeing unused kernel image memory: 1872K
[    1.141465] x86/mm: Checked W+X mappings: passed, no W+X pages found.
[    1.142533] x86/mm: Checking user space page tables
[    1.148035] x86/mm: Checked W+X mappings: passed, no W+X pages found.
Loading, please wait...
starting version 237
[    1.201760] e1000: Intel(R) PRO/1000 Network Driver - version 7.3.21-k8-NAPI
[    1.202885] e1000: Copyright (c) 1999-2006 Intel Corporation.
[    1.203956] Fusion MPT base driver 3.04.20
[    1.204722] Copyright (c) 1999-2008 LSI Corporation
[    1.208624] Fusion MPT SPI Host driver 3.04.20
[    1.219044] AVX2 version of gcm_enc/dec engaged.
[    1.219834] AES CTR mode by8 optimization enabled
[    1.414166] input: ImExPS/2 Generic Explorer Mouse as /devices/platform/i8042/serio1/input/input4
[    1.567896] e1000 0000:00:03.0 eth0: (PCI:33MHz:32-bit) 02:45:4d:8a:ec:99
[    1.569049] e1000 0000:00:03.0 eth0: Intel(R) PRO/1000 Network Connection
[    1.571024] mptbase: ioc0: Initiating bringup
[    1.677806] ioc0: LSI53C1030 A0: Capabilities={Initiator}
[    1.920178] scsi host2: ioc0: LSI53C1030 A0, FwRev=00000000h, Ports=1, MaxQ=256, IRQ=20
[    2.088758] scsi 2:0:0:0: Direct-Access     VBOX     HARDDISK         1.0  PQ: 0 ANSI: 5
[    2.248086] scsi target2:0:0: Beginning Domain Validation
[    2.251029] scsi target2:0:0: Domain Validation skipping write tests
[    2.251966] scsi target2:0:0: Ending Domain Validation
[    2.252799] scsi target2:0:0: asynchronous
[    2.253683] scsi 2:0:1:0: Direct-Access     VBOX     HARDDISK         1.0  PQ: 0 ANSI: 5
[    2.461228] scsi target2:0:1: Beginning Domain Validation
[    2.464215] random: fast init done
[    2.464932] scsi target2:0:1: Domain Validation skipping write tests
[    2.465948] scsi target2:0:1: Ending Domain Validation
[    2.466911] scsi target2:0:1: asynchronous
[    2.467466] e1000 0000:00:08.0 eth1: (PCI:33MHz:32-bit) 08:00:27:a8:60:14
[    2.467652] random: systemd-udevd: uninitialized urandom read (16 bytes read)
[    2.468770] e1000 0000:00:08.0 eth1: Intel(R) PRO/1000 Network Connection
[    2.469927] random: systemd-udevd: uninitialized urandom read (16 bytes read)
[    2.472441] random: systemd-udevd: uninitialized urandom read (16 bytes read)
[    2.474404] e1000 0000:00:03.0 enp0s3: renamed from eth0
[    2.477500] sd 2:0:0:0: Attached scsi generic sg0 type 0
[    2.478392] sd 2:0:0:0: [sda] 20971520 512-byte logical blocks: (10.7 GB/10.0 GiB)
[    2.478492] sd 2:0:1:0: Attached scsi generic sg1 type 0
[    2.480360] sd 2:0:0:0: [sda] Write Protect is off
[    2.488477] sd 2:0:1:0: [sdb] 20480 512-byte logical blocks: (10.5 MB/10.0 MiB)
[    2.488942] sd 2:0:0:0: [sda] Incomplete mode parameter data
[    2.489960] e1000 0000:00:08.0 enp0s8: renamed from eth1
[    2.490605] sd 2:0:0:0: [sda] Assuming drive cache: write through
[    2.491470] sd 2:0:1:0: [sdb] Write Protect is off
[    2.494262] sd 2:0:1:0: [sdb] Incomplete mode parameter data
[    2.495154] sd 2:0:1:0: [sdb] Assuming drive cache: write through
[    2.499740]  sda: sda1
[    2.501535] sd 2:0:0:0: [sda] Attached SCSI disk
[    2.502666] sd 2:0:1:0: [sdb] Attached SCSI disk
Begin: Loading essential drivers ... [    3.932336] raid6: sse2x1   gen() 11677 MB/s
[    3.980014] raid6: sse2x1   xor()  8340 MB/s
[    4.028055] raid6: sse2x2   gen() 14341 MB/s
[    4.076020] raid6: sse2x2   xor()  9472 MB/s
[    4.124692] raid6: sse2x4   gen() 16612 MB/s
[    4.172577] raid6: sse2x4   xor()  9881 MB/s
[    4.220460] raid6: avx2x1   gen() 23412 MB/s
[    4.268224] raid6: avx2x1   xor() 16200 MB/s
[    4.316112] raid6: avx2x2   gen() 25690 MB/s
[    4.368758] raid6: avx2x2   xor() 18132 MB/s
[    4.416578] raid6: avx2x4   gen() 32226 MB/s
[    4.464398] raid6: avx2x4   xor() 19861 MB/s
[    4.465129] raid6: using algorithm avx2x4 gen() 32226 MB/s
[    4.466013] raid6: .... xor() 19861 MB/s, rmw enabled
[    4.467028] raid6: using avx2x2 recovery algorithm
[    4.469159] xor: automatically using best checksumming function   avx       
[    4.471385] async_tx: api initialized (async)
done.
Begin: Running /scripts/init-premount ... done.
Begin: Mounting root file system ... Begin: Running /scripts/local-top ... done.
Begin: Running /scripts/local-premount ... [    4.510063] Btrfs loaded, crc32c=crc32c-intel
Scanning for Btrfs filesystems
done.
Warning: fsck not present, so skipping root file system
[    4.568528] EXT4-fs (sda1): mounted filesystem with ordered data mode. Opts: (null)
done.
Begin: Running /scripts/local-bottom ... done.
Begin: Running /scripts/init-bottom ... done.
[    4.741480] ip_tables: (C) 2000-2006 Netfilter Core Team
[    4.754701] systemd[1]: systemd 237 running in system mode. (+PAM +AUDIT +SELINUX +IMA +APPARMOR +SMACK +SYSVINIT +UTMP +LIBCRYPTSETUP +GCRYPT +GNUTLS +ACL +XZ +LZ4 +SECCOMP +BLKID +ELFUTILS +KMOD -IDN2 +IDN -PCRE2 default-hierarchy=hybrid)
[    4.758039] systemd[1]: Detected virtualization oracle.
[    4.758885] systemd[1]: Detected architecture x86-64.

Welcome to [1mUbuntu 18.04.5 LTS[0m!

[    4.776823] systemd[1]: Set hostname to <ubuntu>.
[    4.781553] systemd[1]: Initializing machine ID from random generator.
[    4.782635] systemd[1]: Installed transient /etc/machine-id file.
[    5.016351] systemd[1]: Started Forward Password Requests to Wall Directory Watch.
[[0;32m  OK  [0m] Started Forward Password Requests to Wall Directory Watch.
[    5.018352] systemd[1]: Reached target Swap.
[[0;32m  OK  [0m] Reached target Swap.
[    5.019661] systemd[1]: Set up automount Arbitrary Executable File Formats File System Automount Point.
[[0;32m  OK  [0m] Set up automount Arbitrary Executabâ€¦rmats File System Automount Point.
[    5.023423] systemd[1]: Created slice System Slice.
[[0;32m  OK  [0m] Created slice System Slice.
[[0;32m  OK  [0m] Created slice system-serial\x2dgetty.slice.
[[0;32m  OK  [0m] Listening on Network Service Netlink Socket.
[[0;32m  OK  [0m] Listening on /dev/initctl Compatibility Named Pipe.
[[0;32m  OK  [0m] Listening on udev Control Socket.
[[0;32m  OK  [0m] Listening on Journal Socket (/dev/log).
[[0;32m  OK  [0m] Listening on LVM2 poll daemon socket.
[[0;32m  OK  [0m] Listening on Journal Socket.
         Starting Load Kernel Modules...
         Mounting Huge Pages File System...
         Starting Create list of required stâ€¦ce nodes for the current kernel...
[    5.047698] Loading iSCSI transport class v2.0-870.
         Starting Set the console keyboard layout...
[[0;32m  OK  [0m] Listening on Syslog Socket.
         Starting Remount Root and Kernel File Systems...
[    5.053219] iscsi: registered transport (tcp)
         Mounting Kernel Debug File System...
[[    5.073104] iscsi: registered transport (iser)
[0;32m  OK  [0m] Listening on Device-mapper event daemon FIFOs.
[[0;32m  OK  [0m] Reached target System Time Synchronized.
[[0;32m  OK  [0m] Created slice User and Session Slice.
[[0;32m  OK  [0m] Listening on udev Kernel Socket.
         Starting udev Coldplug all Devices...
[[0;32m  OK  [0m] Listening on Journal Audit Socket.
         Starting Journal Service...
[[0;32m  OK  [0m] Reached target User and Group Name Lookups.
         Starting Uncomplicated firewall...
[    5.124789] EXT4-fs (sda1): re-mounted. Opts: (null)
         Mounting POSIX Message Queue File System...
[[0;32m  OK  [0m] Reached target Slices.
[[0;32m  OK  [0m] Listening on LVM2 metadata daemon socket.
         Starting Monitoring of LVM2 mirrorsâ€¦ng dmeventd or progress polling...
[[0;32m  OK  [0m] Started Journal Service.
[[0;32m  OK  [0m] Started Load Kernel Modules.
[[0;32m  OK  [0m] Mounted Huge Pages File System.
[[0;32m  OK  [0m] Started Create list of required staâ€¦vice nodes for the current kernel.
[[0;32m  OK  [0m] Started Set the console keyboard layout.
[[0;32m  OK  [0m] Started Remount Root and Kernel File Systems.
[[0;32m  OK  [0m] Mounted Kernel Debug File System.
[[0;32m  OK  [0m] Started Uncomplicated firewall.
[[0;32m  OK  [0m] Mounted POSIX Message Queue File System.
[[0;32m  OK  [0m] Started LVM2 metadata daemon.
         Starting Load/Save Random Seed...
         Starting Create Static Device Nodes in /dev...
         Mounting Kernel Configuration File System...
         Starting Apply Kernel Variables...
         Mounting FUSE Control File System...
         Starting Flush Journal to Persistent Storage...
[[0;32m  OK  [0m] Started Monitoring of LVM2 mirrors,â€¦sing dmeventd or progress polling.
[[0;32m  OK  [0m] Started udev Coldplug all Devices.
[[0;32m  OK  [0m] Started Load/Save Random Seed.
[[0;32m  OK  [0m] Mounted Kernel Configuration File System.
[[0;32m  OK  [0m] Mounted FUSE Control File System.
[[0;32m  OK  [0m] Started Apply Kernel Variables.
[[0;32m  OK  [0m] Started Create Static Device Nodes in /dev.
         Starting udev Kernel Device Manager...
[[0;32m  OK  [0m] Reached target Local File Systems (Pre).
[[0;32m  OK  [0m] Reached target Local File Systems.
         Starting Tell Plymouth To Write Out Runtime Data...
         Starting ebtables ruleset management...
         Starting AppArmor initialization...
         Starting Set console font and keymap...
         Starting Commit a transient machine-id on disk...
[[0;32m  OK  [0m] Started Flush Journal to Persistent Storage.
         Starting Create Volatile Files and Directories...
[[0;32m  OK  [0m] Started udev Kernel Device Manager.
[[0;32m  OK  [0m] Started Dispatch Password Requests to Console Directory Watch.
[[0;32m  OK  [0m] Reached target Local Encrypted Volumes.
[[0;32m  OK  [0m] Started Tell Plymouth To Write Out Runtime Data.
[[0;32m  OK  [0m] Started Set console font and keymap.
[[0;32m  OK  [0m] Started Create Volatile Files and Directories.
         Starting Update UTMP about System Boot/Shutdown...
[[0;32m  OK  [0m] Started Update UTMP about System Boot/Shutdown.
[[0;32m  OK  [0m] Started ebtables ruleset management.
[[0;32m  OK  [0m] Started Commit a transient machine-id on disk.
[[0;32m  OK  [0m] Found device /dev/ttyS0.
[[0;32m  OK  [0m] Listening on Load/Save RF Kill Switch Status /dev/rfkill Watch.
[[0;32m  OK  [0m] Started AppArmor initialization.
         Starting Load AppArmor profiles managed internally by snapd...
         Starting Initial cloud-init job (pre-networking)...
[[0;32m  OK  [0m] Started Load AppArmor profiles managed internally by snapd.
[    7.255185] cloud-init[578]: Cloud-init v. 20.3-2-g371b392c-0ubuntu1~18.04.1 running 'init-local' at Tue, 24 Nov 2020 23:37:18 +0000. Up 6.92 seconds.
[[0;32m  OK  [0m] Started Initial cloud-init job (pre-networking).
[[0;32m  OK  [0m] Reached target Network (Pre).
         Starting Network Service...
[[0;32m  OK  [0m] Started Network Service.
         Starting Network Name Resolution...
         Starting Wait for Network to be Configured...
[[0;32m  OK  [0m] Started Network Name Resolution.
[[0;32m  OK  [0m] Reached target Host and Network Name Lookups.
[[0;32m  OK  [0m] Reached target Network.
[[0;32m  OK  [0m] Started Wait for Network to be Configured.
         Starting Initial cloud-init job (metadata service crawler)...
[    9.548868] cloud-init[700]: Cloud-init v. 20.3-2-g371b392c-0ubuntu1~18.04.1 running 'init' at Tue, 24 Nov 2020 23:37:21 +0000. Up 9.43 seconds.
[    9.550479] cloud-init[700]: ci-info: ++++++++++++++++++++++++++++++++++++++Net device info+++++++++++++++++++++++++++++++++++++++
[    9.551308] cloud-init[700]: ci-info: +--------+-------+----------------------------+---------------+--------+-------------------+
[    9.552637] cloud-init[700]: ci-info: | Device |   Up  |          Address           |      Mask     | Scope  |     Hw-Address    |
[    9.554288] cloud-init[700]: ci-info: +--------+-------+----------------------------+---------------+--------+-------------------+
[    9.564877] cloud-init[700]: ci-info: | enp0s3 |  True |         10.0.2.15          | 255.255.255.0 | global | 02:45:4d:8a:ec:99 |
[    9.565742] cloud-init[700]: ci-info: | enp0s3 |  True | fe80::45:4dff:fe8a:ec99/64 |       .       |  link  | 02:45:4d:8a:ec:99 |
[    9.576538] cloud-init[700]: ci-info: | enp0s8 | False |             .              |       .       |   .    | 08:00:27:a8:60:14 |
[    9.577442] cloud-init[700]: ci-info: |   lo   |  True |         127.0.0.1          |   255.0.0.0   |  host  |         .         |
[    9.592142] cloud-init[700]: ci-info: |   lo   |  True |          ::1/128           |       .       |  host  |         .         |
[    9.594016] cloud-init[700]: ci-info: +--------+-------+----------------------------+---------------+--------+-------------------+
[    9.595269] cloud-init[700]: ci-info: ++++++++++++++++++++++++++++Route IPv4 info+++++++++++++++++++++++++++++
[    9.596427] cloud-init[700]: ci-info: +-------+-------------+----------+-----------------+-----------+-------+
[    9.597570] cloud-init[700]: ci-info: | Route | Destination | Gateway  |     Genmask     | Interface | Flags |
[    9.599374] cloud-init[700]: ci-info: +-------+-------------+----------+-----------------+-----------+-------+
[    9.600385] cloud-init[700]: ci-info: |   0   |   0.0.0.0   | 10.0.2.2 |     0.0.0.0     |   enp0s3  |   UG  |
[    9.601363] cloud-init[700]: ci-info: |   1   |   10.0.2.0  | 0.0.0.0  |  255.255.255.0  |   enp0s3  |   U   |
[    9.602358] cloud-init[700]: ci-info: |   2   |   10.0.2.2  | 0.0.0.0  | 255.255.255.255 |   enp0s3  |   UH  |
[    9.603334] cloud-init[700]: ci-info: +-------+-------------+----------+-----------------+-----------+-------+
[    9.604350] cloud-init[700]: ci-info: +++++++++++++++++++Route IPv6 info+++++++++++++++++++
[    9.605170] cloud-init[700]: ci-info: +-------+-------------+---------+-----------+-------+
[    9.605996] cloud-init[700]: ci-info: | Route | Destination | Gateway | Interface | Flags |
[    9.606824] cloud-init[700]: ci-info: +-------+-------------+---------+-----------+-------+
[    9.607679] cloud-init[700]: ci-info: |   1   |  fe80::/64  |    ::   |   enp0s3  |   U   |
[    9.608383] cloud-init[700]: ci-info: |   3   |    local    |    ::   |   enp0s3  |   U   |
[    9.609219] cloud-init[700]: ci-info: |   4   |   ff00::/8  |    ::   |   enp0s3  |   U   |
[    9.610033] cloud-init[700]: ci-info: +-------+-------------+---------+-----------+-------+
[   10.159862] cloud-init[700]: Generating public/private rsa key pair.
[   10.160604] cloud-init[700]: Your identification has been saved in /etc/ssh/ssh_host_rsa_key.
[   10.161254] cloud-init[700]: Your public key has been saved in /etc/ssh/ssh_host_rsa_key.pub.
[   10.161851] cloud-init[700]: The key fingerprint is:
[   10.162325] cloud-init[700]: SHA256:KHzVju19VuuUucxZDcktXUsf4K7kYaQ+0yimtgBjLHU root@ubuntu-bionic
[   10.163266] cloud-init[700]: The key's randomart image is:
[   10.163853] cloud-init[700]: +---[RSA 2048]----+
[   10.164471] cloud-init[700]: |             .   |
[   10.164957] cloud-init[700]: |         .  . .  |
[   10.165449] cloud-init[700]: |  . E   . .. . o.|
[   10.165940] cloud-init[700]: |.. o   o +o ...+=|
[   10.166430] cloud-init[700]: |.=  o o S.o+ .=.=|
[   10.166924] cloud-init[700]: |o o  o  ..*.o  +=|
[   10.167415] cloud-init[700]: |   .   o =.+. o=o|
[   10.167907] cloud-init[700]: |    ..o . o  o= +|
[   10.168401] cloud-init[700]: |    .o.        * |
[   10.168899] cloud-init[700]: +----[SHA256]-----+
[   10.169392] cloud-init[700]: Generating public/private dsa key pair.
[   10.170076] cloud-init[700]: Your identification has been saved in /etc/ssh/ssh_host_dsa_key.
[   10.170955] cloud-init[700]: Your public key has been saved in /etc/ssh/ssh_host_dsa_key.pub.
[   10.171827] cloud-init[700]: The key fingerprint is:
[   10.172351] cloud-init[700]: SHA256:y0b9glk2HGWNJgCAE7LVeT5NvJoCgUqitE30k5FdqsA root@ubuntu-bionic
[   10.173269] cloud-init[700]: The key's randomart image is:
[   10.173841] cloud-init[700]: +---[DSA 1024]----+
[   10.174328] cloud-init[700]: |..+=.++ooo  oo   |
[   10.174828] cloud-init[700]: |o*=.+.+.+ .oo .  |
[   10.175318] cloud-init[700]: |B +E * + ..o     |
[   10.175817] cloud-init[700]: |o.... = oo .     |
[   10.176315] cloud-init[700]: |   . . +S *      |
[   10.176812] cloud-init[700]: |    . oo * o     |
[   10.177302] cloud-init[700]: |     .  * . .    |
[   10.177795] cloud-init[700]: |       .   .     |
[   10.178280] cloud-init[700]: |                 |
[   10.178781] cloud-init[700]: +----[SHA256]-----+
[   10.179268] cloud-init[700]: Generating public/private ecdsa key pair.
[   10.179969] cloud-init[700]: Your identification has been saved in /etc/ssh/ssh_host_ecdsa_key.
[   10.180880] cloud-init[700]: Your public key has been saved in /etc/ssh/ssh_host_ecdsa_key.pub.
[   10.181789] cloud-init[700]: The key fingerprint is:
[   10.182311] cloud-init[700]: SHA256:nUqUV79gMFyRSlJ/b4gpqq3aXbSWn21VU7mmKo4c9xc root@ubuntu-bionic
[   10.183171] cloud-init[700]: The key's randomart image is:
[   10.183759] cloud-init[700]: +---[ECDSA 256]---+
[   10.184304] cloud-init[700]: |         o+.+o  .|
[   10.184836] cloud-init[700]: |        ..o=.. ..|
[   10.185333] cloud-init[700]: |        oo..+ o o|
[   10.185823] cloud-init[700]: |       . o.o = B.|
[   10.186315] cloud-init[700]: |        S = o = =|
[   10.186812] cloud-init[700]: |       . + + E ..|
[   10.187304] cloud-init[700]: |       .o.= . .. |
[   10.187810] cloud-init[700]: |     ..+++.o +.  |
[   10.188345] cloud-init[700]: |    ..+++...+..  |
[   10.188865] cloud-init[700]: +----[SHA256]-----+
[   10.189358] cloud-init[700]: Generating public/private ed25519 key pair.
[   10.190075] cloud-init[700]: Your identification has been saved in /etc/ssh/ssh_host_ed25519_key.
[   10.190992] cloud-init[700]: Your public key has been saved in /etc/ssh/ssh_host_ed25519_key.pub.
[   10.191908] cloud-init[700]: The key fingerprint is:
[   10.192442] cloud-init[700]: SHA256:8Ctr+VuKaVcW0UkP+bgq+qaJeE+v5TH7Z9E3qIlNYoc root@ubuntu-bionic
[   10.193351] cloud-init[700]: The key's randomart image is:
[   10.193875] cloud-init[700]: +--[ED25519 256]--+
[   10.194372] cloud-init[700]: |           ooo   |
[   10.194861] cloud-init[700]: |          . +o   |
[   10.195357] cloud-init[700]: |      .    . o.  |
[   10.195851] cloud-init[700]: |       o  . . .  |
[   10.196380] cloud-init[700]: |        S .. o.  |
[   10.196873] cloud-init[700]: |         Eooo....|
[   10.197424] cloud-init[700]: |      o.*oB.o. ..|
[   10.197958] cloud-init[700]: |   ..o+X+B.+o    |
[   10.198486] cloud-init[700]: |  ...+XOO+.o     |
[   10.198987] cloud-init[700]: +----[SHA256]-----+
[[0;32m  OK  [0m] Started Initial cloud-init job (metadata service crawler).
[[0;32m  OK  [0m] Reached target Network is Online.
         Starting Availability of block devices...
[[0;32m  OK  [0m] Reached target Remote File Systems (Pre).
[[0;32m  OK  [0m] Reached target Remote File Systems.
[[0;32m  OK  [0m] Reached target System Initialization.
         Starting LXD - unix socket.
         Starting Socket activation for snappy daemon.
[[0;32m  OK  [0m] Listening on ACPID Listen Socket.
[[0;32m  OK  [0m] Started Daily apt download activities.
[[0;32m  OK  [0m] Started Daily apt upgrade and clean activities.
[[0;32m  OK  [0m] Started Daily Cleanup of Temporary Directories.
[[0;32m  OK  [0m] Listening on D-Bus System Message Bus Socket.
[[0;32m  OK  [0m] Listening on Open-iSCSI iscsid Socket.
[[0;32m  OK  [0m] Started Message of the Day.
[[0;32m  OK  [0m] Started Discard unused blocks once a week.
[[0;32m  OK  [0m] Listening on UUID daemon activation socket.
[[0;32m  OK  [0m] Reached target Timers.
[[0;32m  OK  [0m] Started ACPI Events Check.
[[0;32m  OK  [0m] Reached target Paths.
[[0;32m  OK  [0m] Reached target Cloud-config availability.
[[0;32m  OK  [0m] Started Availability of block devices.
[[0;32m  OK  [0m] Listening on LXD - unix socket.
[[0;32m  OK  [0m] Listening on Socket activation for snappy daemon.
[[0;32m  OK  [0m] Reached target Sockets.
[[0;32m  OK  [0m] Reached target Basic System.
         Starting Accounts Service...
         Starting Dispatcher daemon for systemd-networkd...
[[0;32m  OK  [0m] Started Regular background program processing daemon.
         Starting LSB: automatic crash report generation...
         Starting Login Service...
[[0;32m  OK  [0m] Started Deferred execution scheduler.
[[0;32m  OK  [0m] Started irqbalance daemon.
         Starting Pollinate to seed the pseudo random number generator...
         Starting LSB: Record successful boot for GRUB...
[[0;32m  OK  [0m] Started FUSE filesystem for LXC.
         Starting LXD - container startup/shutdown...
         Starting Snap Daemon...
         Starting Virtualbox guest utils...
         Starting Permit User Sessions...
         Starting System Logging Service...
[[0;32m  OK  [0m] Started D-Bus System Message Bus.
[[0;32m  OK  [0m] Started Login Service.
[[0;32m  OK  [0m] Started Unattended Upgrades Shutdown.
[[0;32m  OK  [0m] Started System Logging Service.
[[0;32m  OK  [0m] Started Permit User Sessions.
         Starting Terminate Plymouth Boot Screen...
         Starting Hold until boot process finishes up...
[[0;32m  OK  [0m] Started LXD - container startup/shutdown.
[[0;32m  OK  [0m] Started Terminate Plymouth Boot Screen.
[[0;32m  OK  [0m] Started Hold until boot process finishes up.
         Starting Set console scheme...
[[0;32m  OK  [0m] Started Serial Getty on ttyS0.
[[0;32m  OK  [0m] Started Dispatcher daemon for systemd-networkd.
[[0;32m  OK  [0m] Started Set console scheme.
[[0;32m  OK  [0m] Created slice system-getty.slice.
[[0;32m  OK  [0m] Started Getty on tty1.
[[0;32m  OK  [0m] Reached target Login Prompts.
         Starting Authorization Manager...
[[0;32m  OK  [0m] Started LSB: automatic crash report generation.
[[0;32m  OK  [0m] Started Authorization Manager.
[[0;32m  OK  [0m] Started LSB: Record successful boot for GRUB.
[[0;32m  OK  [0m] Started Accounts Service.
[[0;32m  OK  [0m] Started Virtualbox guest utils.
[[0;32m  OK  [0m] Started Snap Daemon.
         Starting Wait until snapd is fully seeded...
[[0;32m  OK  [0m] Started Wait until snapd is fully seeded.
         Starting Apply the settings specified in cloud-config...
[   14.037442] cloud-init[1248]: Cloud-init v. 20.3-2-g371b392c-0ubuntu1~18.04.1 running 'modules:config' at Tue, 24 Nov 2020 23:37:25 +0000. Up 13.65 seconds.
[[0;32m  OK  [0m] Started Apply the settings specified in cloud-config.

Ubuntu 18.04.5 LTS ubuntu-bionic ttyS0

ubuntu-bionic login: ci-info: no authorized SSH keys fingerprints found for user ubuntu.
<14>Nov 24 23:37:28 ec2: 
<14>Nov 24 23:37:28 ec2: #############################################################
<14>Nov 24 23:37:28 ec2: -----BEGIN SSH HOST KEY FINGERPRINTS-----
<14>Nov 24 23:37:28 ec2: 1024 SHA256:y0b9glk2HGWNJgCAE7LVeT5NvJoCgUqitE30k5FdqsA root@ubuntu-bionic (DSA)
<14>Nov 24 23:37:28 ec2: 256 SHA256:nUqUV79gMFyRSlJ/b4gpqq3aXbSWn21VU7mmKo4c9xc root@ubuntu-bionic (ECDSA)
<14>Nov 24 23:37:28 ec2: 256 SHA256:8Ctr+VuKaVcW0UkP+bgq+qaJeE+v5TH7Z9E3qIlNYoc root@ubuntu-bionic (ED25519)
<14>Nov 24 23:37:28 ec2: 2048 SHA256:KHzVju19VuuUucxZDcktXUsf4K7kYaQ+0yimtgBjLHU root@ubuntu-bionic (RSA)
<14>Nov 24 23:37:28 ec2: -----END SSH HOST KEY FINGERPRINTS-----
<14>Nov 24 23:37:28 ec2: #############################################################
-----BEGIN SSH HOST KEY KEYS-----
ecdsa-sha2-nistp256 AAAAE2VjZHNhLXNoYTItbmlzdHAyNTYAAAAIbmlzdHAyNTYAAABBBADHi1hNE+8jVI9NdKR/iM1hTVxd4lhk6MUXHfmScegu63PTGi82EJyZU097tbI+5k8LNO3oXtM0PZ7LNxUUgLw= root@ubuntu-bionic
ssh-ed25519 AAAAC3NzaC1lZDI1NTE5AAAAIGxoaK0zv0aQsVrxJMZCNr+jCaERhlwuSoqABBLQdMbQ root@ubuntu-bionic
ssh-rsa AAAAB3NzaC1yc2EAAAADAQABAAABAQDO5sRB6XhCpE8De0i5CbTRU0WG7LXcLCyl9RkqHjvOtP4oL1+vgv4LGGTrGyU/7OTZrbrBzvjROUX5Irtc1E8QNbY0osC7wve4DYUXYJQg1rY6u/W3nzMrMc9CKJ3L74/j/uVVhhqHLBgbcVUnUJxQISit9hqNn5NitoczD4bEtX+oZHVE27IW+Du/UfHJT5BNMlj5tvHJxa9ljxXlSB/S6MKJvFLFxr9qCRH83PMjALCnl9LAy0+Y2eA0XPWvQINfJK8LqyyI9TLmcYDqPaZ0zNMaFy9UGviC+aQmO3tilJb2jy4IN0PPau/Ot9UuSZI+BYRGy0tfUMC9YzgovVTv root@ubuntu-bionic
-----END SSH HOST KEY KEYS-----
[   17.202831] cloud-init[1345]: Cloud-init v. 20.3-2-g371b392c-0ubuntu1~18.04.1 running 'modules:final' at Tue, 24 Nov 2020 23:37:28 +0000. Up 17.02 seconds.
[   17.203224] cloud-init[1345]: ci-info: no authorized SSH keys fingerprints found for user ubuntu.
[   17.203547] cloud-init[1345]: Cloud-init v. 20.3-2-g371b392c-0ubuntu1~18.04.1 finished at Tue, 24 Nov 2020 23:37:28 +0000. Datasource DataSourceNoCloud [seed=/dev/sdb][dsmode=net].  Up 17.19 seconds
